// Jest Snapshot v1, https://goo.gl/fbAQLP

exports[` TeamCard renders correctly 1`] = `
<div
  className="flex flex-col items-center h-full text-center sm:flex-row sm:justify-start sm:text-left"
>
  <img
    alt="Nicolas Webersinke"
    className="flex-shrink-0 object-cover object-center w-40 h-40 rounded-full shadow-xs"
    src="https://via.placeholder.com/150"
  />
  <div
    className="flex flex-col sm:pl-8"
  >
    <h2
      className="text-lg font-medium text-gray-900"
    >
      Nicolas Webersinke
    </h2>
    <h3
      className="text-gray-500"
    >
      Very important
    </h3>
    <p
      className="max-w-xs mt-3 sm:max-w-none"
    >
      Does very important stuff
    </p>
  </div>
</div>
`;
